{
    "page": 1,
    "limit": 10,
    "total": 1,
    "pages": 1,
    "items": [
        {
            "code": "LOGAN_HAT_CODE",
            "name": "Logan Hat",
            "slug": "logan-hat",
            "taxons": {
                "others": [
                    "HAT",
                    "CATEGORY",
                    "BRAND"
                ]
            },
            "variants": [
                {
                    "code": "LOGAN_HAT_CODE",
                    "name": "Logan Hat",
                    "price": {
                        "current": 1500,
                        "currency": "GBP"
                    },
                    "images": []
                }
            ],
            "attributes": [
                {
                    "code": "MUG_COLLECTION_CODE",
                    "name": "Mug collection",
                    "value": "HOLIDAY COLLECTION"
                }
            ],
            "images": [],
            "channelCode": "WEB_GB",
            "localeCode": "en_GB"
        }
    ],
    "filters": {
        "channel": {
            "state": {
                "active": true,
                "value": "WEB_GB",
                "urlParameters": {
                    "channel": "WEB_GB"
                },
                "name": "channel",
                "options": []
            },
            "tags": [],
            "urlParameters": {
                "channel": "WEB_GB",
                "enabled": true,
                "locale": "en_GB",
                "search": "hat"
            },
            "resetUrlParameters": {
                "enabled": true,
                "locale": "en_GB",
                "search": "hat"
            },
            "name": "channel",
            "choices": [
                {
                    "active": true,
                    "default": false,
                    "urlParameters": {
                        "enabled": true,
                        "locale": "en_GB",
                        "search": "hat"
                    },
                    "label": "WEB_GB",
                    "count": 1
                }
            ]
        },
        "enabled": {
            "state": {
                "active": true,
                "value": true,
                "urlParameters": {
                    "enabled": true
                },
                "name": "enabled",
                "options": []
            },
            "tags": [],
            "urlParameters": {
                "channel": "WEB_GB",
                "enabled": true,
                "locale": "en_GB",
                "search": "hat"
            },
            "resetUrlParameters": {
                "channel": "WEB_GB",
                "locale": "en_GB",
                "search": "hat"
            },
            "name": "enabled",
            "choices": [
                {
                    "active": true,
                    "default": false,
                    "urlParameters": {
                        "channel": "WEB_GB",
                        "locale": "en_GB",
                        "search": "hat"
                    },
                    "label": 1,
                    "count": 1
                }
            ]
        },
        "taxon": {
            "state": {
                "active": false,
                "urlParameters": [],
                "name": "taxon",
                "options": []
            },
            "tags": [],
            "urlParameters": {
                "channel": "WEB_GB",
                "enabled": true,
                "locale": "en_GB",
                "search": "hat"
            },
            "resetUrlParameters": {
                "channel": "WEB_GB",
                "enabled": true,
                "locale": "en_GB",
                "search": "hat"
            },
            "name": "taxon",
            "choices": [
                {
                    "active": false,
                    "default": false,
                    "urlParameters": {
                        "channel": "WEB_GB",
                        "enabled": true,
                        "locale": "en_GB",
                        "search": "hat",
                        "taxon": "BRAND"
                    },
                    "label": "BRAND",
                    "count": 1
                },
                {
                    "active": false,
                    "default": false,
                    "urlParameters": {
                        "channel": "WEB_GB",
                        "enabled": true,
                        "locale": "en_GB",
                        "search": "hat",
                        "taxon": "CATEGORY"
                    },
                    "label": "CATEGORY",
                    "count": 1
                },
                {
                    "active": false,
                    "default": false,
                    "urlParameters": {
                        "channel": "WEB_GB",
                        "enabled": true,
                        "locale": "en_GB",
                        "search": "hat",
                        "taxon": "HAT"
                    },
                    "label": "HAT",
                    "count": 1
                }
            ]
        },
        "priceRange": {
            "state": {
                "active": false,
                "urlParameters": [],
                "name": "priceRange",
                "options": []
            },
            "tags": [],
            "urlParameters": {
                "channel": "WEB_GB",
                "enabled": true,
                "locale": "en_GB",
                "search": "hat"
            },
            "resetUrlParameters": {
                "channel": "WEB_GB",
                "enabled": true,
                "locale": "en_GB",
                "search": "hat"
            },
            "name": "priceRange",
            "minBounds": 1500,
            "maxBounds": 1500
        },
        "locale": {
            "state": {
                "active": true,
                "value": "en_GB",
                "urlParameters": {
                    "locale": "en_GB"
                },
                "name": "locale",
                "options": []
            },
            "tags": [],
            "urlParameters": {
                "channel": "WEB_GB",
                "enabled": true,
                "locale": "en_GB",
                "search": "hat"
            },
            "resetUrlParameters": {
                "channel": "WEB_GB",
                "enabled": true,
                "search": "hat"
            },
            "name": "locale",
            "choices": [
                {
                    "active": true,
                    "default": false,
                    "urlParameters": {
                        "channel": "WEB_GB",
                        "enabled": true,
                        "search": "hat"
                    },
                    "label": "en_GB",
                    "count": 1
                }
            ]
        },
        "paginator": {
            "state": {
                "active": false,
                "value": 1,
                "urlParameters": [],
                "name": "paginator",
                "options": {
                    "limit": 10
                }
            },
            "tags": [],
            "urlParameters": {
                "channel": "WEB_GB",
                "enabled": true,
                "locale": "en_GB",
                "search": "hat"
            },
            "resetUrlParameters": {
                "channel": "WEB_GB",
                "enabled": true,
                "locale": "en_GB",
                "search": "hat"
            },
            "name": "paginator",
            "currentPage": 1,
            "totalItems": 1,
            "maxPages": 20,
            "itemsPerPage": 10,
            "numPages": 1,
            "options": [],
            "limit": 10
        },
        "search": {
            "state": {
                "active": true,
                "value": "hat",
                "urlParameters": {
                    "search": "hat"
                },
                "name": "search",
                "options": []
            },
            "tags": [],
            "urlParameters": {
                "channel": "WEB_GB",
                "enabled": true,
                "locale": "en_GB",
                "search": "hat"
            },
            "resetUrlParameters": {
                "channel": "WEB_GB",
                "enabled": true,
                "locale": "en_GB"
            },
            "name": "search"
        },
        "attributes": {
            "state": {
                "active": false,
                "urlParameters": [],
                "name": "attributes",
                "options": []
            },
            "tags": [],
            "urlParameters": {
                "channel": "WEB_GB",
                "enabled": true,
                "locale": "en_GB",
                "search": "hat"
            },
            "resetUrlParameters": {
                "channel": "WEB_GB",
                "enabled": true,
                "locale": "en_GB",
                "search": "hat"
            },
            "name": "attributes",
            "items": [
                {
                    "tags": [],
                    "urlParameters": [],
                    "resetUrlParameters": {
                        "channel": "WEB_GB",
                        "enabled": true,
                        "locale": "en_GB",
                        "search": "hat"
                    },
                    "name": "Mug collection",
                    "choices": {
                        "HOLIDAY COLLECTION": {
                            "active": false,
                            "default": false,
                            "urlParameters": {
                                "channel": "WEB_GB",
                                "enabled": true,
                                "locale": "en_GB",
                                "search": "hat",
                                "attributes": {
                                    "Mug collection": [
                                        "HOLIDAY COLLECTION"
                                    ]
                                }
                            },
                            "label": "HOLIDAY COLLECTION",
                            "count": 1
                        }
                    }
                }
            ]
        },
        "sort": {
            "state": {
                "active": false,
                "urlParameters": [],
                "name": "sort",
                "options": []
            },
            "tags": [],
            "urlParameters": {
                "channel": "WEB_GB",
                "enabled": true,
                "locale": "en_GB",
                "search": "hat"
            },
            "resetUrlParameters": {
                "channel": "WEB_GB",
                "enabled": true,
                "locale": "en_GB",
                "search": "hat"
            },
            "name": "sort",
            "choices": [
                {
                    "active": false,
                    "default": false,
                    "urlParameters": {
                        "channel": "WEB_GB",
                        "enabled": true,
                        "locale": "en_GB",
                        "search": "hat",
                        "sort": "price_asc"
                    },
                    "label": "price_asc",
                    "count": 0
                },
                {
                    "active": false,
                    "default": false,
                    "urlParameters": {
                        "channel": "WEB_GB",
                        "enabled": true,
                        "locale": "en_GB",
                        "search": "hat",
                        "sort": "price_desc"
                    },
                    "label": "price_desc",
                    "count": 0
                },
                {
                    "active": false,
                    "default": false,
                    "urlParameters": {
                        "channel": "WEB_GB",
                        "enabled": true,
                        "locale": "en_GB",
                        "search": "hat",
                        "sort": "name_asc"
                    },
                    "label": "name_asc",
                    "count": 0
                },
                {
                    "active": false,
                    "default": false,
                    "urlParameters": {
                        "channel": "WEB_GB",
                        "enabled": true,
                        "locale": "en_GB",
                        "search": "hat",
                        "sort": "name_desc"
                    },
                    "label": "name_desc",
                    "count": 0
                }
            ]
        }
    }
}
